Archive member included to satisfy reference by file (symbol)

/Applications/microchip/xc8/v3.10/avr/bin/../lib/gcc/avr/5.4.0/../../../../avr/lib/avr5/libm.a(cmpsf2.o)
                              build/default/production/imu.o (__ltsf2)
/Applications/microchip/xc8/v3.10/avr/bin/../lib/gcc/avr/5.4.0/../../../../avr/lib/avr5/libm.a(floatsisf.o)
                              build/default/production/imu.o (__floatsisf)
/Applications/microchip/xc8/v3.10/avr/bin/../lib/gcc/avr/5.4.0/../../../../avr/lib/avr5/libm.a(fp_cmp.o)
                              /Applications/microchip/xc8/v3.10/avr/bin/../lib/gcc/avr/5.4.0/../../../../avr/lib/avr5/libm.a(cmpsf2.o) (__fp_cmp)
/Applications/microchip/xc8/v3.10/avr/bin/../lib/gcc/avr/5.4.0/../../../../avr/lib/avr5/libm.a(gesf2.o)
                              build/default/production/imu.o (__gtsf2)
/Applications/microchip/xc8/v3.10/avr/bin/../lib/gcc/avr/5.4.0/../../../../avr/lib/avr5/libm.a(mulsf3.o)
                              build/default/production/imu.o (__mulsf3)
/Applications/microchip/xc8/v3.10/avr/bin/../lib/gcc/avr/5.4.0/../../../../avr/lib/avr5/libm.a(mulsf3x.o)
                              /Applications/microchip/xc8/v3.10/avr/bin/../lib/gcc/avr/5.4.0/../../../../avr/lib/avr5/libm.a(mulsf3.o) (__mulsf3x)
/Applications/microchip/xc8/v3.10/avr/bin/../lib/gcc/avr/5.4.0/../../../../avr/lib/avr5/libm.a(fp_inf.o)
                              /Applications/microchip/xc8/v3.10/avr/bin/../lib/gcc/avr/5.4.0/../../../../avr/lib/avr5/libm.a(mulsf3x.o) (__fp_inf)
/Applications/microchip/xc8/v3.10/avr/bin/../lib/gcc/avr/5.4.0/../../../../avr/lib/avr5/libm.a(fp_nan.o)
                              /Applications/microchip/xc8/v3.10/avr/bin/../lib/gcc/avr/5.4.0/../../../../avr/lib/avr5/libm.a(mulsf3x.o) (__fp_nan)
/Applications/microchip/xc8/v3.10/avr/bin/../lib/gcc/avr/5.4.0/../../../../avr/lib/avr5/libm.a(fp_pscA.o)
                              /Applications/microchip/xc8/v3.10/avr/bin/../lib/gcc/avr/5.4.0/../../../../avr/lib/avr5/libm.a(mulsf3x.o) (__fp_pscA)
/Applications/microchip/xc8/v3.10/avr/bin/../lib/gcc/avr/5.4.0/../../../../avr/lib/avr5/libm.a(fp_pscB.o)
                              /Applications/microchip/xc8/v3.10/avr/bin/../lib/gcc/avr/5.4.0/../../../../avr/lib/avr5/libm.a(mulsf3x.o) (__fp_pscB)
/Applications/microchip/xc8/v3.10/avr/bin/../lib/gcc/avr/5.4.0/../../../../avr/lib/avr5/libm.a(fp_round.o)
                              /Applications/microchip/xc8/v3.10/avr/bin/../lib/gcc/avr/5.4.0/../../../../avr/lib/avr5/libm.a(mulsf3.o) (__fp_round)
/Applications/microchip/xc8/v3.10/avr/bin/../lib/gcc/avr/5.4.0/../../../../avr/lib/avr5/libm.a(fp_split3.o)
                              /Applications/microchip/xc8/v3.10/avr/bin/../lib/gcc/avr/5.4.0/../../../../avr/lib/avr5/libm.a(mulsf3x.o) (__fp_split3)
/Applications/microchip/xc8/v3.10/avr/bin/../lib/gcc/avr/5.4.0/../../../../avr/lib/avr5/libm.a(fp_zero.o)
                              /Applications/microchip/xc8/v3.10/avr/bin/../lib/gcc/avr/5.4.0/../../../../avr/lib/avr5/libm.a(mulsf3x.o) (__fp_szero)
/Applications/microchip/xc8/v3.10/avr/bin/../lib/gcc/avr/5.4.0/avr5/libgcc.a(_copy_data.o)
                              build/default/production/imu.o (__do_copy_data)
/Applications/microchip/xc8/v3.10/avr/bin/../lib/gcc/avr/5.4.0/../../../../avr/lib/avr5/libc.a(exit.o)
                              /Applications/microchip/mplabx/v6.20/packs/Microchip/ATmega_DFP/3.1.264/xc8/avr/lib/avr5/crtatmega328pb.o (exit)
/Applications/microchip/xc8/v3.10/avr/bin/../lib/gcc/avr/5.4.0/../../../../avr/lib/avr5/libc.a(puts.o)
                              build/default/production/imu.o (puts)
/Applications/microchip/xc8/v3.10/avr/bin/../lib/gcc/avr/5.4.0/../../../../avr/lib/avr5/libc.a(stdin.o)
                              build/default/production/uart.o (__init_stdin)
/Applications/microchip/xc8/v3.10/avr/bin/../lib/gcc/avr/5.4.0/../../../../avr/lib/avr5/libc.a(stdout.o)
                              build/default/production/uart.o (__init_stdout)
/Applications/microchip/xc8/v3.10/avr/bin/../lib/gcc/avr/5.4.0/../../../../avr/lib/avr5/libc.a(strcpy.o)
                              build/default/production/uart.o (strcpy)
/Applications/microchip/xc8/v3.10/avr/bin/../lib/gcc/avr/5.4.0/../../../../avr/lib/avr5/libc.a(_Exit.o)
                              /Applications/microchip/xc8/v3.10/avr/bin/../lib/gcc/avr/5.4.0/../../../../avr/lib/avr5/libc.a(exit.o) (_Exit)
/Applications/microchip/xc8/v3.10/avr/bin/../lib/gcc/avr/5.4.0/../../../../avr/lib/avr5/libc.a(fputs.o)
                              /Applications/microchip/xc8/v3.10/avr/bin/../lib/gcc/avr/5.4.0/../../../../avr/lib/avr5/libc.a(puts.o) (fputs)
/Applications/microchip/xc8/v3.10/avr/bin/../lib/gcc/avr/5.4.0/avr5/libgcc.a(_exit.o)
                              /Applications/microchip/xc8/v3.10/avr/bin/../lib/gcc/avr/5.4.0/../../../../avr/lib/avr5/libc.a(_Exit.o) (_exit)

Allocating common symbols
Common symbol       size              file

__stdout_used       0x2               /Applications/microchip/xc8/v3.10/avr/bin/../lib/gcc/avr/5.4.0/../../../../avr/lib/avr5/libc.a(stdout.o)
__stdin_used        0x2               /Applications/microchip/xc8/v3.10/avr/bin/../lib/gcc/avr/5.4.0/../../../../avr/lib/avr5/libc.a(stdin.o)

Discarded input sections

 .data          0x0000000000000000        0x0 /Applications/microchip/mplabx/v6.20/packs/Microchip/ATmega_DFP/3.1.264/xc8/avr/lib/avr5/crtatmega328pb.o
 .bss           0x0000000000000000        0x0 /Applications/microchip/mplabx/v6.20/packs/Microchip/ATmega_DFP/3.1.264/xc8/avr/lib/avr5/crtatmega328pb.o
 .text          0x0000000000000000        0x0 build/default/production/imu.o
 .data          0x0000000000000000        0x0 build/default/production/imu.o
 .bss           0x0000000000000000        0x0 build/default/production/imu.o
 .text.TWI1_stop
                0x0000000000000000        0x8 build/default/production/imu.o
 .text          0x0000000000000000        0x0 build/default/production/uart.o
 .data          0x0000000000000000        0x0 build/default/production/uart.o
 .bss           0x0000000000000000        0x0 build/default/production/uart.o
 .rodata        0x0000000000000000       0x68 build/default/production/uart.o
 .text.determine_line_ending
                0x0000000000000000       0x36 build/default/production/uart.o
 .text.uart_scanf
                0x0000000000000000      0x176 build/default/production/uart.o
 .data          0x0000000000000000        0x0 /Applications/microchip/xc8/v3.10/avr/bin/../lib/gcc/avr/5.4.0/../../../../avr/lib/avr5/libm.a(cmpsf2.o)
 .bss           0x0000000000000000        0x0 /Applications/microchip/xc8/v3.10/avr/bin/../lib/gcc/avr/5.4.0/../../../../avr/lib/avr5/libm.a(cmpsf2.o)
 .stack.descriptors
                0x0000000000000000       0x6a /Applications/microchip/xc8/v3.10/avr/bin/../lib/gcc/avr/5.4.0/../../../../avr/lib/avr5/libm.a(cmpsf2.o)
 .data          0x0000000000000000        0x0 /Applications/microchip/xc8/v3.10/avr/bin/../lib/gcc/avr/5.4.0/../../../../avr/lib/avr5/libm.a(floatsisf.o)
 .bss           0x0000000000000000        0x0 /Applications/microchip/xc8/v3.10/avr/bin/../lib/gcc/avr/5.4.0/../../../../avr/lib/avr5/libm.a(floatsisf.o)
 .stack.descriptors
                0x0000000000000000       0x34 /Applications/microchip/xc8/v3.10/avr/bin/../lib/gcc/avr/5.4.0/../../../../avr/lib/avr5/libm.a(floatsisf.o)
 .data          0x0000000000000000        0x0 /Applications/microchip/xc8/v3.10/avr/bin/../lib/gcc/avr/5.4.0/../../../../avr/lib/avr5/libm.a(fp_cmp.o)
 .bss           0x0000000000000000        0x0 /Applications/microchip/xc8/v3.10/avr/bin/../lib/gcc/avr/5.4.0/../../../../avr/lib/avr5/libm.a(fp_cmp.o)
 .stack.descriptors
                0x0000000000000000       0x16 /Applications/microchip/xc8/v3.10/avr/bin/../lib/gcc/avr/5.4.0/../../../../avr/lib/avr5/libm.a(fp_cmp.o)
 .data          0x0000000000000000        0x0 /Applications/microchip/xc8/v3.10/avr/bin/../lib/gcc/avr/5.4.0/../../../../avr/lib/avr5/libm.a(gesf2.o)
 .bss           0x0000000000000000        0x0 /Applications/microchip/xc8/v3.10/avr/bin/../lib/gcc/avr/5.4.0/../../../../avr/lib/avr5/libm.a(gesf2.o)
 .stack.descriptors
                0x0000000000000000       0x2a /Applications/microchip/xc8/v3.10/avr/bin/../lib/gcc/avr/5.4.0/../../../../avr/lib/avr5/libm.a(gesf2.o)
 .data          0x0000000000000000        0x0 /Applications/microchip/xc8/v3.10/avr/bin/../lib/gcc/avr/5.4.0/../../../../avr/lib/avr5/libm.a(mulsf3.o)
 .bss           0x0000000000000000        0x0 /Applications/microchip/xc8/v3.10/avr/bin/../lib/gcc/avr/5.4.0/../../../../avr/lib/avr5/libm.a(mulsf3.o)
 .stack.descriptors
                0x0000000000000000       0x16 /Applications/microchip/xc8/v3.10/avr/bin/../lib/gcc/avr/5.4.0/../../../../avr/lib/avr5/libm.a(mulsf3.o)
 .data          0x0000000000000000        0x0 /Applications/microchip/xc8/v3.10/avr/bin/../lib/gcc/avr/5.4.0/../../../../avr/lib/avr5/libm.a(mulsf3x.o)
 .bss           0x0000000000000000        0x0 /Applications/microchip/xc8/v3.10/avr/bin/../lib/gcc/avr/5.4.0/../../../../avr/lib/avr5/libm.a(mulsf3x.o)
 .stack.descriptors
                0x0000000000000000       0x31 /Applications/microchip/xc8/v3.10/avr/bin/../lib/gcc/avr/5.4.0/../../../../avr/lib/avr5/libm.a(mulsf3x.o)
 .data          0x0000000000000000        0x0 /Applications/microchip/xc8/v3.10/avr/bin/../lib/gcc/avr/5.4.0/../../../../avr/lib/avr5/libm.a(fp_inf.o)
 .bss           0x0000000000000000        0x0 /Applications/microchip/xc8/v3.10/avr/bin/../lib/gcc/avr/5.4.0/../../../../avr/lib/avr5/libm.a(fp_inf.o)
 .stack.descriptors
                0x0000000000000000       0x16 /Applications/microchip/xc8/v3.10/avr/bin/../lib/gcc/avr/5.4.0/../../../../avr/lib/avr5/libm.a(fp_inf.o)
 .data          0x0000000000000000        0x0 /Applications/microchip/xc8/v3.10/avr/bin/../lib/gcc/avr/5.4.0/../../../../avr/lib/avr5/libm.a(fp_nan.o)
 .bss           0x0000000000000000        0x0 /Applications/microchip/xc8/v3.10/avr/bin/../lib/gcc/avr/5.4.0/../../../../avr/lib/avr5/libm.a(fp_nan.o)
 .stack.descriptors
                0x0000000000000000       0x16 /Applications/microchip/xc8/v3.10/avr/bin/../lib/gcc/avr/5.4.0/../../../../avr/lib/avr5/libm.a(fp_nan.o)
 .data          0x0000000000000000        0x0 /Applications/microchip/xc8/v3.10/avr/bin/../lib/gcc/avr/5.4.0/../../../../avr/lib/avr5/libm.a(fp_pscA.o)
 .bss           0x0000000000000000        0x0 /Applications/microchip/xc8/v3.10/avr/bin/../lib/gcc/avr/5.4.0/../../../../avr/lib/avr5/libm.a(fp_pscA.o)
 .stack.descriptors
                0x0000000000000000       0x17 /Applications/microchip/xc8/v3.10/avr/bin/../lib/gcc/avr/5.4.0/../../../../avr/lib/avr5/libm.a(fp_pscA.o)
 .data          0x0000000000000000        0x0 /Applications/microchip/xc8/v3.10/avr/bin/../lib/gcc/avr/5.4.0/../../../../avr/lib/avr5/libm.a(fp_pscB.o)
 .bss           0x0000000000000000        0x0 /Applications/microchip/xc8/v3.10/avr/bin/../lib/gcc/avr/5.4.0/../../../../avr/lib/avr5/libm.a(fp_pscB.o)
 .stack.descriptors
                0x0000000000000000       0x17 /Applications/microchip/xc8/v3.10/avr/bin/../lib/gcc/avr/5.4.0/../../../../avr/lib/avr5/libm.a(fp_pscB.o)
 .data          0x0000000000000000        0x0 /Applications/microchip/xc8/v3.10/avr/bin/../lib/gcc/avr/5.4.0/../../../../avr/lib/avr5/libm.a(fp_round.o)
 .bss           0x0000000000000000        0x0 /Applications/microchip/xc8/v3.10/avr/bin/../lib/gcc/avr/5.4.0/../../../../avr/lib/avr5/libm.a(fp_round.o)
 .stack.descriptors
                0x0000000000000000       0x18 /Applications/microchip/xc8/v3.10/avr/bin/../lib/gcc/avr/5.4.0/../../../../avr/lib/avr5/libm.a(fp_round.o)
 .data          0x0000000000000000        0x0 /Applications/microchip/xc8/v3.10/avr/bin/../lib/gcc/avr/5.4.0/../../../../avr/lib/avr5/libm.a(fp_split3.o)
 .bss           0x0000000000000000        0x0 /Applications/microchip/xc8/v3.10/avr/bin/../lib/gcc/avr/5.4.0/../../../../avr/lib/avr5/libm.a(fp_split3.o)
 .stack.descriptors
                0x0000000000000000       0x32 /Applications/microchip/xc8/v3.10/avr/bin/../lib/gcc/avr/5.4.0/../../../../avr/lib/avr5/libm.a(fp_split3.o)
 .data          0x0000000000000000        0x0 /Applications/microchip/xc8/v3.10/avr/bin/../lib/gcc/avr/5.4.0/../../../../avr/lib/avr5/libm.a(fp_zero.o)
 .bss           0x0000000000000000        0x0 /Applications/microchip/xc8/v3.10/avr/bin/../lib/gcc/avr/5.4.0/../../../../avr/lib/avr5/libm.a(fp_zero.o)
 .stack.descriptors
                0x0000000000000000       0x2f /Applications/microchip/xc8/v3.10/avr/bin/../lib/gcc/avr/5.4.0/../../../../avr/lib/avr5/libm.a(fp_zero.o)
 .text          0x0000000000000000        0x0 /Applications/microchip/xc8/v3.10/avr/bin/../lib/gcc/avr/5.4.0/avr5/libgcc.a(_copy_data.o)
 .data          0x0000000000000000        0x0 /Applications/microchip/xc8/v3.10/avr/bin/../lib/gcc/avr/5.4.0/avr5/libgcc.a(_copy_data.o)
 .bss           0x0000000000000000        0x0 /Applications/microchip/xc8/v3.10/avr/bin/../lib/gcc/avr/5.4.0/avr5/libgcc.a(_copy_data.o)
 .text.libgcc.mul
                0x0000000000000000        0x0 /Applications/microchip/xc8/v3.10/avr/bin/../lib/gcc/avr/5.4.0/avr5/libgcc.a(_copy_data.o)
 .text.libgcc.div
                0x0000000000000000        0x0 /Applications/microchip/xc8/v3.10/avr/bin/../lib/gcc/avr/5.4.0/avr5/libgcc.a(_copy_data.o)
 .text.libgcc   0x0000000000000000        0x0 /Applications/microchip/xc8/v3.10/avr/bin/../lib/gcc/avr/5.4.0/avr5/libgcc.a(_copy_data.o)
 .text.libgcc.prologue
                0x0000000000000000        0x0 /Applications/microchip/xc8/v3.10/avr/bin/../lib/gcc/avr/5.4.0/avr5/libgcc.a(_copy_data.o)
 .text.libgcc.builtins
                0x0000000000000000        0x0 /Applications/microchip/xc8/v3.10/avr/bin/../lib/gcc/avr/5.4.0/avr5/libgcc.a(_copy_data.o)
 .text.libgcc.fmul
                0x0000000000000000        0x0 /Applications/microchip/xc8/v3.10/avr/bin/../lib/gcc/avr/5.4.0/avr5/libgcc.a(_copy_data.o)
 .text.libgcc.fixed
                0x0000000000000000        0x0 /Applications/microchip/xc8/v3.10/avr/bin/../lib/gcc/avr/5.4.0/avr5/libgcc.a(_copy_data.o)
 .text          0x0000000000000000        0x0 /Applications/microchip/xc8/v3.10/avr/bin/../lib/gcc/avr/5.4.0/../../../../avr/lib/avr5/libc.a(exit.o)
 .data          0x0000000000000000        0x0 /Applications/microchip/xc8/v3.10/avr/bin/../lib/gcc/avr/5.4.0/../../../../avr/lib/avr5/libc.a(exit.o)
 .bss           0x0000000000000000        0x0 /Applications/microchip/xc8/v3.10/avr/bin/../lib/gcc/avr/5.4.0/../../../../avr/lib/avr5/libc.a(exit.o)
 .stack.descriptors
                0x0000000000000000       0x73 /Applications/microchip/xc8/v3.10/avr/bin/../lib/gcc/avr/5.4.0/../../../../avr/lib/avr5/libc.a(exit.o)
 .text          0x0000000000000000        0x0 /Applications/microchip/xc8/v3.10/avr/bin/../lib/gcc/avr/5.4.0/../../../../avr/lib/avr5/libc.a(puts.o)
 .data          0x0000000000000000        0x0 /Applications/microchip/xc8/v3.10/avr/bin/../lib/gcc/avr/5.4.0/../../../../avr/lib/avr5/libc.a(puts.o)
 .bss           0x0000000000000000        0x0 /Applications/microchip/xc8/v3.10/avr/bin/../lib/gcc/avr/5.4.0/../../../../avr/lib/avr5/libc.a(puts.o)
 .stack.descriptors
                0x0000000000000000       0x12 /Applications/microchip/xc8/v3.10/avr/bin/../lib/gcc/avr/5.4.0/../../../../avr/lib/avr5/libc.a(puts.o)
 .text          0x0000000000000000        0x0 /Applications/microchip/xc8/v3.10/avr/bin/../lib/gcc/avr/5.4.0/../../../../avr/lib/avr5/libc.a(stdin.o)
 .data          0x0000000000000000        0x0 /Applications/microchip/xc8/v3.10/avr/bin/../lib/gcc/avr/5.4.0/../../../../avr/lib/avr5/libc.a(stdin.o)
 .bss           0x0000000000000000        0x0 /Applications/microchip/xc8/v3.10/avr/bin/../lib/gcc/avr/5.4.0/../../../../avr/lib/avr5/libc.a(stdin.o)
 .stack.descriptors
                0x0000000000000000       0x1a /Applications/microchip/xc8/v3.10/avr/bin/../lib/gcc/avr/5.4.0/../../../../avr/lib/avr5/libc.a(stdin.o)
 .data._stdin   0x0000000000000000        0x2 /Applications/microchip/xc8/v3.10/avr/bin/../lib/gcc/avr/5.4.0/../../../../avr/lib/avr5/libc.a(stdin.o)
 .text          0x0000000000000000        0x0 /Applications/microchip/xc8/v3.10/avr/bin/../lib/gcc/avr/5.4.0/../../../../avr/lib/avr5/libc.a(stdout.o)
 .data          0x0000000000000000        0x0 /Applications/microchip/xc8/v3.10/avr/bin/../lib/gcc/avr/5.4.0/../../../../avr/lib/avr5/libc.a(stdout.o)
 .bss           0x0000000000000000        0x0 /Applications/microchip/xc8/v3.10/avr/bin/../lib/gcc/avr/5.4.0/../../../../avr/lib/avr5/libc.a(stdout.o)
 .stack.descriptors
                0x0000000000000000       0x1b /Applications/microchip/xc8/v3.10/avr/bin/../lib/gcc/avr/5.4.0/../../../../avr/lib/avr5/libc.a(stdout.o)
 .text          0x0000000000000000        0x0 /Applications/microchip/xc8/v3.10/avr/bin/../lib/gcc/avr/5.4.0/../../../../avr/lib/avr5/libc.a(strcpy.o)
 .data          0x0000000000000000        0x0 /Applications/microchip/xc8/v3.10/avr/bin/../lib/gcc/avr/5.4.0/../../../../avr/lib/avr5/libc.a(strcpy.o)
 .bss           0x0000000000000000        0x0 /Applications/microchip/xc8/v3.10/avr/bin/../lib/gcc/avr/5.4.0/../../../../avr/lib/avr5/libc.a(strcpy.o)
 .stack.descriptors
                0x0000000000000000       0x14 /Applications/microchip/xc8/v3.10/avr/bin/../lib/gcc/avr/5.4.0/../../../../avr/lib/avr5/libc.a(strcpy.o)
 .text.strcpy   0x0000000000000000       0x10 /Applications/microchip/xc8/v3.10/avr/bin/../lib/gcc/avr/5.4.0/../../../../avr/lib/avr5/libc.a(strcpy.o)
 .comment       0x0000000000000000       0x2d /Applications/microchip/xc8/v3.10/avr/bin/../lib/gcc/avr/5.4.0/../../../../avr/lib/avr5/libc.a(strcpy.o)
 .stack.descriptors.hdr
                0x0000000000000000        0xe /Applications/microchip/xc8/v3.10/avr/bin/../lib/gcc/avr/5.4.0/../../../../avr/lib/avr5/libc.a(strcpy.o)
 .note.GNU-stack
                0x0000000000000000        0x0 /Applications/microchip/xc8/v3.10/avr/bin/../lib/gcc/avr/5.4.0/../../../../avr/lib/avr5/libc.a(strcpy.o)
 .text          0x0000000000000000        0x0 /Applications/microchip/xc8/v3.10/avr/bin/../lib/gcc/avr/5.4.0/../../../../avr/lib/avr5/libc.a(_Exit.o)
 .data          0x0000000000000000        0x0 /Applications/microchip/xc8/v3.10/avr/bin/../lib/gcc/avr/5.4.0/../../../../avr/lib/avr5/libc.a(_Exit.o)
 .bss           0x0000000000000000        0x0 /Applications/microchip/xc8/v3.10/avr/bin/../lib/gcc/avr/5.4.0/../../../../avr/lib/avr5/libc.a(_Exit.o)
 .stack.descriptors
                0x0000000000000000       0x13 /Applications/microchip/xc8/v3.10/avr/bin/../lib/gcc/avr/5.4.0/../../../../avr/lib/avr5/libc.a(_Exit.o)
 .text          0x0000000000000000        0x0 /Applications/microchip/xc8/v3.10/avr/bin/../lib/gcc/avr/5.4.0/../../../../avr/lib/avr5/libc.a(fputs.o)
 .data          0x0000000000000000        0x0 /Applications/microchip/xc8/v3.10/avr/bin/../lib/gcc/avr/5.4.0/../../../../avr/lib/avr5/libc.a(fputs.o)
 .bss           0x0000000000000000        0x0 /Applications/microchip/xc8/v3.10/avr/bin/../lib/gcc/avr/5.4.0/../../../../avr/lib/avr5/libc.a(fputs.o)
 .stack.descriptors
                0x0000000000000000       0x13 /Applications/microchip/xc8/v3.10/avr/bin/../lib/gcc/avr/5.4.0/../../../../avr/lib/avr5/libc.a(fputs.o)
 .text          0x0000000000000000        0x0 /Applications/microchip/xc8/v3.10/avr/bin/../lib/gcc/avr/5.4.0/avr5/libgcc.a(_exit.o)
 .data          0x0000000000000000        0x0 /Applications/microchip/xc8/v3.10/avr/bin/../lib/gcc/avr/5.4.0/avr5/libgcc.a(_exit.o)
 .bss           0x0000000000000000        0x0 /Applications/microchip/xc8/v3.10/avr/bin/../lib/gcc/avr/5.4.0/avr5/libgcc.a(_exit.o)
 .text.libgcc.mul
                0x0000000000000000        0x0 /Applications/microchip/xc8/v3.10/avr/bin/../lib/gcc/avr/5.4.0/avr5/libgcc.a(_exit.o)
 .text.libgcc.div
                0x0000000000000000        0x0 /Applications/microchip/xc8/v3.10/avr/bin/../lib/gcc/avr/5.4.0/avr5/libgcc.a(_exit.o)
 .text.libgcc   0x0000000000000000        0x0 /Applications/microchip/xc8/v3.10/avr/bin/../lib/gcc/avr/5.4.0/avr5/libgcc.a(_exit.o)
 .text.libgcc.prologue
                0x0000000000000000        0x0 /Applications/microchip/xc8/v3.10/avr/bin/../lib/gcc/avr/5.4.0/avr5/libgcc.a(_exit.o)
 .stack.descriptors
                0x0000000000000000       0x13 /Applications/microchip/xc8/v3.10/avr/bin/../lib/gcc/avr/5.4.0/avr5/libgcc.a(_exit.o)
 .text.libgcc.builtins
                0x0000000000000000        0x0 /Applications/microchip/xc8/v3.10/avr/bin/../lib/gcc/avr/5.4.0/avr5/libgcc.a(_exit.o)
 .text.libgcc.fmul
                0x0000000000000000        0x0 /Applications/microchip/xc8/v3.10/avr/bin/../lib/gcc/avr/5.4.0/avr5/libgcc.a(_exit.o)
 .text.libgcc.fixed
                0x0000000000000000        0x0 /Applications/microchip/xc8/v3.10/avr/bin/../lib/gcc/avr/5.4.0/avr5/libgcc.a(_exit.o)

Memory Configuration

Name             Origin             Length             Attributes
text             0x0000000000000000 0x0000000000008000 xr
data             0x0000000000800100 0x0000000000000800 rw !x
eeprom           0x0000000000810000 0x0000000000000400 rw !x
fuse             0x0000000000820000 0x0000000000000003 rw !x
lock             0x0000000000830000 0x0000000000000400 rw !x
signature        0x0000000000840000 0x0000000000000400 rw !x
user_signatures  0x0000000000850000 0x0000000000000400 rw !x
bootrow          0x0000000000860000 0x0000000000000400 rw !x
*default*        0x0000000000000000 0xffffffffffffffff

Linker script and memory map

Address of section .data set to 0x800100
LOAD /Applications/microchip/mplabx/v6.20/packs/Microchip/ATmega_DFP/3.1.264/xc8/avr/lib/avr5/crtatmega328pb.o
                0x0000000000000001                __MPLAB_BUILD = 0x1
LOAD build/default/production/imu.o
LOAD build/default/production/uart.o
START GROUP
LOAD /Applications/microchip/xc8/v3.10/avr/bin/../lib/gcc/avr/5.4.0/../../../../avr/lib/avr5/libm.a
END GROUP
START GROUP
LOAD /Applications/microchip/xc8/v3.10/avr/bin/../lib/gcc/avr/5.4.0/avr5/libgcc.a
LOAD /Applications/microchip/xc8/v3.10/avr/bin/../lib/gcc/avr/5.4.0/../../../../avr/lib/avr5/libm.a
LOAD /Applications/microchip/xc8/v3.10/avr/bin/../lib/gcc/avr/5.4.0/../../../../avr/lib/avr5/libc.a
LOAD /Applications/microchip/mplabx/v6.20/packs/Microchip/ATmega_DFP/3.1.264/xc8/avr/lib/avr5/libatmega328pb.a
END GROUP
                [0x0000000000000000]                __TEXT_REGION_ORIGIN__ = DEFINED (__TEXT_REGION_ORIGIN__)?__TEXT_REGION_ORIGIN__:0x0
                [0x0000000000800100]                __DATA_REGION_ORIGIN__ = DEFINED (__DATA_REGION_ORIGIN__)?__DATA_REGION_ORIGIN__:0x800060
                [0x0000000000008000]                __TEXT_REGION_LENGTH__ = DEFINED (__TEXT_REGION_LENGTH__)?__TEXT_REGION_LENGTH__:0x20000
                [0x0000000000000800]                __DATA_REGION_LENGTH__ = DEFINED (__DATA_REGION_LENGTH__)?__DATA_REGION_LENGTH__:0xffa0
                [0x0000000000000400]                __EEPROM_REGION_LENGTH__ = DEFINED (__EEPROM_REGION_LENGTH__)?__EEPROM_REGION_LENGTH__:0x10000
                [0x0000000000000003]                __FUSE_REGION_LENGTH__ = DEFINED (__FUSE_REGION_LENGTH__)?__FUSE_REGION_LENGTH__:0x400
                0x0000000000000400                __LOCK_REGION_LENGTH__ = DEFINED (__LOCK_REGION_LENGTH__)?__LOCK_REGION_LENGTH__:0x400
                0x0000000000000400                __SIGNATURE_REGION_LENGTH__ = DEFINED (__SIGNATURE_REGION_LENGTH__)?__SIGNATURE_REGION_LENGTH__:0x400
                0x0000000000000400                __USER_SIGNATURE_REGION_LENGTH__ = DEFINED (__USER_SIGNATURE_REGION_LENGTH__)?__USER_SIGNATURE_REGION_LENGTH__:0x400
                0x0000000000000400                __BOOTROW_REGION_LENGTH__ = DEFINED (__BOOTROW_REGION_LENGTH__)?__BOOTROW_REGION_LENGTH__:0x400

.hash
 *(.hash)

.dynsym
 *(.dynsym)

.dynstr
 *(.dynstr)

.gnu.version
 *(.gnu.version)

.gnu.version_d
 *(.gnu.version_d)

.gnu.version_r
 *(.gnu.version_r)

.rel.init
 *(.rel.init)

.rela.init
 *(.rela.init)

.rel.text
 *(.rel.text)
 *(.rel.text.*)
 *(.rel.gnu.linkonce.t*)

.rela.text
 *(.rela.text)
 *(.rela.text.*)
 *(.rela.gnu.linkonce.t*)

.rel.fini
 *(.rel.fini)

.rela.fini
 *(.rela.fini)

.rel.rodata
 *(.rel.rodata)
 *(.rel.rodata.*)
 *(.rel.gnu.linkonce.r*)

.rela.rodata
 *(.rela.rodata)
 *(.rela.rodata.*)
 *(.rela.gnu.linkonce.r*)

.rel.data
 *(.rel.data)
 *(.rel.data.*)
 *(.rel.gnu.linkonce.d*)

.rela.data
 *(.rela.data)
 *(.rela.data.*)
 *(.rela.gnu.linkonce.d*)

.rel.ctors
 *(.rel.ctors)

.rela.ctors
 *(.rela.ctors)

.rel.dtors
 *(.rel.dtors)

.rela.dtors
 *(.rela.dtors)

.rel.got
 *(.rel.got)

.rela.got
 *(.rela.got)

.rel.bss
 *(.rel.bss)

.rela.bss
 *(.rela.bss)

.rel.plt
 *(.rel.plt)

.rela.plt
 *(.rela.plt)

.text           0x0000000000000000      0x126
 *(.vectors)
 .vectors       0x0000000000000000       0xb4 /Applications/microchip/mplabx/v6.20/packs/Microchip/ATmega_DFP/3.1.264/xc8/avr/lib/avr5/crtatmega328pb.o
                0x0000000000000000                __vectors
                0x0000000000000000                __vector_default
 *(.vectors)
 *(.progmem.gcc*)
 *(.dinit)
 .dinit         0x00000000000000b4       0x1d data_init
                0x00000000000000d2                . = ALIGN (0x2)
 *fill*         0x00000000000000d1        0x1 
                0x00000000000000d2                __trampolines_start = .
 *(.trampolines)
 .trampolines   0x00000000000000d2        0x0 linker stubs
 *(.trampolines*)
                0x00000000000000d2                __trampolines_end = .
 *libprintf_flt.a:*(.progmem.data)
 *libc.a:*(.progmem.data)
                0x00000000000000d2                . = ALIGN (0x2)
 *(.jumptables)
 *(.jumptables*)
 *(.lowtext)
 *(.lowtext*)
                0x00000000000000d2                __ctors_start = .
 *(.ctors)
                0x00000000000000d2                __ctors_end = .
                0x00000000000000d2                __dtors_start = .
 *(.dtors)
                0x00000000000000d2                __dtors_end = .
 SORT(*)(.ctors)
 SORT(*)(.dtors)
 *(.init0)
 .init0         0x00000000000000d2        0x0 /Applications/microchip/mplabx/v6.20/packs/Microchip/ATmega_DFP/3.1.264/xc8/avr/lib/avr5/crtatmega328pb.o
                0x00000000000000d2                __init
 *(.init0)
 *(.init1)
 *(.init1)
 *(.init2)
 .init2         0x00000000000000d2        0xc /Applications/microchip/mplabx/v6.20/packs/Microchip/ATmega_DFP/3.1.264/xc8/avr/lib/avr5/crtatmega328pb.o
 *(.init2)
 *(.init3)
 *(.init3)
 *(.init4)
 .init4         0x00000000000000de       0x3c /Applications/microchip/xc8/v3.10/avr/bin/../lib/gcc/avr/5.4.0/avr5/libgcc.a(_copy_data.o)
                0x00000000000000de                __do_copy_data
                0x000000000000010c                __do_clear_bss
 *(.init4)
 *(.init5)
 *(.init5)
 *(.init6)
 *(.init6)
 *(.init7)
 *(.init7)
 *(.init8)
 *(.init8)
 *(.init9)
 .init9         0x000000000000011a        0x8 /Applications/microchip/mplabx/v6.20/packs/Microchip/ATmega_DFP/3.1.264/xc8/avr/lib/avr5/crtatmega328pb.o
 *(.init9)
                0x0000000000000122                . = ALIGN (0x2)
 *(.fini9)
 .fini9         0x0000000000000122        0x0 /Applications/microchip/xc8/v3.10/avr/bin/../lib/gcc/avr/5.4.0/avr5/libgcc.a(_exit.o)
                0x0000000000000122                _exit
 *(.fini9)
 *(.fini8)
 *(.fini8)
 *(.fini7)
 *(.fini7)
 *(.fini6)
 *(.fini6)
 *(.fini5)
 *(.fini5)
 *(.fini4)
 *(.fini4)
 *(.fini3)
 *(.fini3)
 *(.fini2)
 *(.fini2)
 *(.fini1)
 *(.fini1)
 *(.fini0)
 .fini0         0x0000000000000122        0x4 /Applications/microchip/xc8/v3.10/avr/bin/../lib/gcc/avr/5.4.0/avr5/libgcc.a(_exit.o)
 *(.fini0)
                0x0000000000000126                _etext = .

.data           0x0000000000800100        0x0 load address 0x0000000000000126
                [!provide]                        PROVIDE (__data_start, .)
 *(.gnu.linkonce.d*)
 *(.gnu.linkonce.r*)
                0x0000000000800100                . = ALIGN (0x2)
                0x0000000000800100                _edata = .
                [!provide]                        PROVIDE (__data_end, .)

.bss            0x0000000000800100        0x4
                [!provide]                        PROVIDE (__bss_start, .)
 *(COMMON)
 COMMON         0x0000000000800100        0x2 /Applications/microchip/xc8/v3.10/avr/bin/../lib/gcc/avr/5.4.0/../../../../avr/lib/avr5/libc.a(stdin.o)
                0x0000000000800100                __stdin_used
 COMMON         0x0000000000800102        0x2 /Applications/microchip/xc8/v3.10/avr/bin/../lib/gcc/avr/5.4.0/../../../../avr/lib/avr5/libc.a(stdout.o)
                0x0000000000800102                __stdout_used
                [!provide]                        PROVIDE (__bss_end, .)
                0x0000000000000126                __data_load_start = LOADADDR (.data)
                0x0000000000000126                __data_load_end = (__data_load_start + SIZEOF (.data))

.noinit         0x0000000000800104        0x0
                [!provide]                        PROVIDE (__noinit_start, .)
 *(.noinit*)
                [!provide]                        PROVIDE (__noinit_end, .)
                0x0000000000800104                _end = .

.eeprom         0x0000000000810000        0x0
 *(.eeprom*)
                0x0000000000810000                __eeprom_end = .

.fuse
 *(.fuse)
 *(.lfuse)
 *(.hfuse)
 *(.efuse)

.lock
 *(.lock*)

.signature
 *(.signature*)

.user_signatures
 *(.user_signatures*)

.bootrow
 *(.bootrow*)

.stab
 *(.stab)

.stabstr
 *(.stabstr)

.stab.excl
 *(.stab.excl)

.stab.exclstr
 *(.stab.exclstr)

.stab.index
 *(.stab.index)

.stab.indexstr
 *(.stab.indexstr)

.comment        0x0000000000000000       0x5b
 *(.comment)
 .comment       0x0000000000000000       0x2f build/default/production/imu.o
                                         0x30 (size before relaxing)
 .comment       0x000000000000002f       0x30 build/default/production/uart.o
 .comment       0x000000000000002f       0x2c /Applications/microchip/xc8/v3.10/avr/bin/../lib/gcc/avr/5.4.0/../../../../avr/lib/avr5/libc.a(exit.o)
                                         0x2d (size before relaxing)
 .comment       0x000000000000005b       0x2d /Applications/microchip/xc8/v3.10/avr/bin/../lib/gcc/avr/5.4.0/../../../../avr/lib/avr5/libc.a(puts.o)
 .comment       0x000000000000005b       0x2d /Applications/microchip/xc8/v3.10/avr/bin/../lib/gcc/avr/5.4.0/../../../../avr/lib/avr5/libc.a(stdin.o)
 .comment       0x000000000000005b       0x2d /Applications/microchip/xc8/v3.10/avr/bin/../lib/gcc/avr/5.4.0/../../../../avr/lib/avr5/libc.a(stdout.o)
 .comment       0x000000000000005b       0x2d /Applications/microchip/xc8/v3.10/avr/bin/../lib/gcc/avr/5.4.0/../../../../avr/lib/avr5/libc.a(_Exit.o)
 .comment       0x000000000000005b       0x2d /Applications/microchip/xc8/v3.10/avr/bin/../lib/gcc/avr/5.4.0/../../../../avr/lib/avr5/libc.a(fputs.o)

.stack.descriptors.hdr
                0x0000000000000000      0x118
 .stack.descriptors.hdr
                0x0000000000000000        0xe /Applications/microchip/xc8/v3.10/avr/bin/../lib/gcc/avr/5.4.0/../../../../avr/lib/avr5/libm.a(cmpsf2.o)
 .stack.descriptors.hdr
                0x000000000000000e        0xe /Applications/microchip/xc8/v3.10/avr/bin/../lib/gcc/avr/5.4.0/../../../../avr/lib/avr5/libm.a(floatsisf.o)
 .stack.descriptors.hdr
                0x000000000000001c        0xe /Applications/microchip/xc8/v3.10/avr/bin/../lib/gcc/avr/5.4.0/../../../../avr/lib/avr5/libm.a(fp_cmp.o)
 .stack.descriptors.hdr
                0x000000000000002a        0xe /Applications/microchip/xc8/v3.10/avr/bin/../lib/gcc/avr/5.4.0/../../../../avr/lib/avr5/libm.a(gesf2.o)
 .stack.descriptors.hdr
                0x0000000000000038        0xe /Applications/microchip/xc8/v3.10/avr/bin/../lib/gcc/avr/5.4.0/../../../../avr/lib/avr5/libm.a(mulsf3.o)
 .stack.descriptors.hdr
                0x0000000000000046        0xe /Applications/microchip/xc8/v3.10/avr/bin/../lib/gcc/avr/5.4.0/../../../../avr/lib/avr5/libm.a(mulsf3x.o)
 .stack.descriptors.hdr
                0x0000000000000054        0xe /Applications/microchip/xc8/v3.10/avr/bin/../lib/gcc/avr/5.4.0/../../../../avr/lib/avr5/libm.a(fp_inf.o)
 .stack.descriptors.hdr
                0x0000000000000062        0xe /Applications/microchip/xc8/v3.10/avr/bin/../lib/gcc/avr/5.4.0/../../../../avr/lib/avr5/libm.a(fp_nan.o)
 .stack.descriptors.hdr
                0x0000000000000070        0xe /Applications/microchip/xc8/v3.10/avr/bin/../lib/gcc/avr/5.4.0/../../../../avr/lib/avr5/libm.a(fp_pscA.o)
 .stack.descriptors.hdr
                0x000000000000007e        0xe /Applications/microchip/xc8/v3.10/avr/bin/../lib/gcc/avr/5.4.0/../../../../avr/lib/avr5/libm.a(fp_pscB.o)
 .stack.descriptors.hdr
                0x000000000000008c        0xe /Applications/microchip/xc8/v3.10/avr/bin/../lib/gcc/avr/5.4.0/../../../../avr/lib/avr5/libm.a(fp_round.o)
 .stack.descriptors.hdr
                0x000000000000009a        0xe /Applications/microchip/xc8/v3.10/avr/bin/../lib/gcc/avr/5.4.0/../../../../avr/lib/avr5/libm.a(fp_split3.o)
 .stack.descriptors.hdr
                0x00000000000000a8        0xe /Applications/microchip/xc8/v3.10/avr/bin/../lib/gcc/avr/5.4.0/../../../../avr/lib/avr5/libm.a(fp_zero.o)
 .stack.descriptors.hdr
                0x00000000000000b6        0xe /Applications/microchip/xc8/v3.10/avr/bin/../lib/gcc/avr/5.4.0/../../../../avr/lib/avr5/libc.a(exit.o)
 .stack.descriptors.hdr
                0x00000000000000c4        0xe /Applications/microchip/xc8/v3.10/avr/bin/../lib/gcc/avr/5.4.0/../../../../avr/lib/avr5/libc.a(puts.o)
 .stack.descriptors.hdr
                0x00000000000000d2        0xe /Applications/microchip/xc8/v3.10/avr/bin/../lib/gcc/avr/5.4.0/../../../../avr/lib/avr5/libc.a(stdin.o)
 .stack.descriptors.hdr
                0x00000000000000e0        0xe /Applications/microchip/xc8/v3.10/avr/bin/../lib/gcc/avr/5.4.0/../../../../avr/lib/avr5/libc.a(stdout.o)
 .stack.descriptors.hdr
                0x00000000000000ee        0xe /Applications/microchip/xc8/v3.10/avr/bin/../lib/gcc/avr/5.4.0/../../../../avr/lib/avr5/libc.a(_Exit.o)
 .stack.descriptors.hdr
                0x00000000000000fc        0xe /Applications/microchip/xc8/v3.10/avr/bin/../lib/gcc/avr/5.4.0/../../../../avr/lib/avr5/libc.a(fputs.o)
 .stack.descriptors.hdr
                0x000000000000010a        0xe /Applications/microchip/xc8/v3.10/avr/bin/../lib/gcc/avr/5.4.0/avr5/libgcc.a(_exit.o)

.note.GNU-stack
                0x0000000000000000        0x0
 .note.GNU-stack
                0x0000000000000000        0x0 /Applications/microchip/xc8/v3.10/avr/bin/../lib/gcc/avr/5.4.0/../../../../avr/lib/avr5/libm.a(cmpsf2.o)
 .note.GNU-stack
                0x0000000000000000        0x0 /Applications/microchip/xc8/v3.10/avr/bin/../lib/gcc/avr/5.4.0/../../../../avr/lib/avr5/libm.a(floatsisf.o)
 .note.GNU-stack
                0x0000000000000000        0x0 /Applications/microchip/xc8/v3.10/avr/bin/../lib/gcc/avr/5.4.0/../../../../avr/lib/avr5/libm.a(fp_cmp.o)
 .note.GNU-stack
                0x0000000000000000        0x0 /Applications/microchip/xc8/v3.10/avr/bin/../lib/gcc/avr/5.4.0/../../../../avr/lib/avr5/libm.a(gesf2.o)
 .note.GNU-stack
                0x0000000000000000        0x0 /Applications/microchip/xc8/v3.10/avr/bin/../lib/gcc/avr/5.4.0/../../../../avr/lib/avr5/libm.a(mulsf3.o)
 .note.GNU-stack
                0x0000000000000000        0x0 /Applications/microchip/xc8/v3.10/avr/bin/../lib/gcc/avr/5.4.0/../../../../avr/lib/avr5/libm.a(mulsf3x.o)
 .note.GNU-stack
                0x0000000000000000        0x0 /Applications/microchip/xc8/v3.10/avr/bin/../lib/gcc/avr/5.4.0/../../../../avr/lib/avr5/libm.a(fp_inf.o)
 .note.GNU-stack
                0x0000000000000000        0x0 /Applications/microchip/xc8/v3.10/avr/bin/../lib/gcc/avr/5.4.0/../../../../avr/lib/avr5/libm.a(fp_nan.o)
 .note.GNU-stack
                0x0000000000000000        0x0 /Applications/microchip/xc8/v3.10/avr/bin/../lib/gcc/avr/5.4.0/../../../../avr/lib/avr5/libm.a(fp_pscA.o)
 .note.GNU-stack
                0x0000000000000000        0x0 /Applications/microchip/xc8/v3.10/avr/bin/../lib/gcc/avr/5.4.0/../../../../avr/lib/avr5/libm.a(fp_pscB.o)
 .note.GNU-stack
                0x0000000000000000        0x0 /Applications/microchip/xc8/v3.10/avr/bin/../lib/gcc/avr/5.4.0/../../../../avr/lib/avr5/libm.a(fp_round.o)
 .note.GNU-stack
                0x0000000000000000        0x0 /Applications/microchip/xc8/v3.10/avr/bin/../lib/gcc/avr/5.4.0/../../../../avr/lib/avr5/libm.a(fp_split3.o)
 .note.GNU-stack
                0x0000000000000000        0x0 /Applications/microchip/xc8/v3.10/avr/bin/../lib/gcc/avr/5.4.0/../../../../avr/lib/avr5/libm.a(fp_zero.o)
 .note.GNU-stack
                0x0000000000000000        0x0 /Applications/microchip/xc8/v3.10/avr/bin/../lib/gcc/avr/5.4.0/../../../../avr/lib/avr5/libc.a(exit.o)
 .note.GNU-stack
                0x0000000000000000        0x0 /Applications/microchip/xc8/v3.10/avr/bin/../lib/gcc/avr/5.4.0/../../../../avr/lib/avr5/libc.a(puts.o)
 .note.GNU-stack
                0x0000000000000000        0x0 /Applications/microchip/xc8/v3.10/avr/bin/../lib/gcc/avr/5.4.0/../../../../avr/lib/avr5/libc.a(stdin.o)
 .note.GNU-stack
                0x0000000000000000        0x0 /Applications/microchip/xc8/v3.10/avr/bin/../lib/gcc/avr/5.4.0/../../../../avr/lib/avr5/libc.a(stdout.o)
 .note.GNU-stack
                0x0000000000000000        0x0 /Applications/microchip/xc8/v3.10/avr/bin/../lib/gcc/avr/5.4.0/../../../../avr/lib/avr5/libc.a(_Exit.o)
 .note.GNU-stack
                0x0000000000000000        0x0 /Applications/microchip/xc8/v3.10/avr/bin/../lib/gcc/avr/5.4.0/../../../../avr/lib/avr5/libc.a(fputs.o)

.note.gnu.build-id
 *(.note.gnu.build-id)

.debug
 *(.debug)

.line
 *(.line)

.debug_srcinfo
 *(.debug_srcinfo)

.debug_sfnames
 *(.debug_sfnames)

.debug_aranges  0x0000000000000000       0xb0
 *(.debug_aranges)
 .debug_aranges
                0x0000000000000000       0x70 build/default/production/imu.o
 .debug_aranges
                0x0000000000000070       0x40 build/default/production/uart.o

.debug_pubnames
 *(.debug_pubnames)

.debug_info     0x0000000000000000     0x179a
 *(.debug_info .gnu.linkonce.wi.*)
 .debug_info    0x0000000000000000      0x8ea /Applications/microchip/mplabx/v6.20/packs/Microchip/ATmega_DFP/3.1.264/xc8/avr/lib/avr5/crtatmega328pb.o
 .debug_info    0x00000000000008ea      0x821 build/default/production/imu.o
 .debug_info    0x000000000000110b      0x68f build/default/production/uart.o

.debug_abbrev   0x0000000000000000      0xc63
 *(.debug_abbrev)
 .debug_abbrev  0x0000000000000000      0x86e /Applications/microchip/mplabx/v6.20/packs/Microchip/ATmega_DFP/3.1.264/xc8/avr/lib/avr5/crtatmega328pb.o
 .debug_abbrev  0x000000000000086e      0x223 build/default/production/imu.o
 .debug_abbrev  0x0000000000000a91      0x1d2 build/default/production/uart.o

.debug_line     0x0000000000000000      0x779
 *(.debug_line .debug_line.* .debug_line_end)
 .debug_line    0x0000000000000000      0x1a6 /Applications/microchip/mplabx/v6.20/packs/Microchip/ATmega_DFP/3.1.264/xc8/avr/lib/avr5/crtatmega328pb.o
 .debug_line    0x00000000000001a6      0x34f build/default/production/imu.o
 .debug_line    0x00000000000004f5      0x284 build/default/production/uart.o

.debug_frame    0x0000000000000000      0x218
 *(.debug_frame)
 .debug_frame   0x0000000000000000      0x168 build/default/production/imu.o
 .debug_frame   0x0000000000000168       0xb0 build/default/production/uart.o

.debug_str      0x0000000000000000      0x33d
 *(.debug_str)
 .debug_str     0x0000000000000000      0x318 /Applications/microchip/mplabx/v6.20/packs/Microchip/ATmega_DFP/3.1.264/xc8/avr/lib/avr5/crtatmega328pb.o
 .debug_str     0x0000000000000318        0xa build/default/production/imu.o
 .debug_str     0x0000000000000322       0x1b build/default/production/uart.o

.debug_loc      0x0000000000000000      0x70d
 *(.debug_loc)
 .debug_loc     0x0000000000000000      0x482 build/default/production/imu.o
 .debug_loc     0x0000000000000482      0x28b build/default/production/uart.o

.debug_macinfo
 *(.debug_macinfo)

.debug_weaknames
 *(.debug_weaknames)

.debug_funcnames
 *(.debug_funcnames)

.debug_typenames
 *(.debug_typenames)

.debug_varnames
 *(.debug_varnames)

.debug_pubtypes
 *(.debug_pubtypes)

.debug_ranges   0x0000000000000000       0xa8
 *(.debug_ranges)
 .debug_ranges  0x0000000000000000       0x60 build/default/production/imu.o
 .debug_ranges  0x0000000000000060       0x48 build/default/production/uart.o

.debug_macro
 *(.debug_macro)
OUTPUT(dist/default/production/Final_project.X.production.elf elf32-avr)
LOAD linker stubs
LOAD data_init

.note.gnu.avr.deviceinfo
                0x0000000000000000       0x40
 .note.gnu.avr.deviceinfo
                0x0000000000000000       0x40 /Applications/microchip/mplabx/v6.20/packs/Microchip/ATmega_DFP/3.1.264/xc8/avr/lib/avr5/crtatmega328pb.o

.bss.fall_reported
                0x0000000000800131        0x1
 .bss.fall_reported
                0x0000000000800131        0x1 build/default/production/imu.o

.bss.fall_counter
                0x0000000000800132        0x1
 .bss.fall_counter
                0x0000000000800132        0x1 build/default/production/imu.o

.bss.__stdin    0x0000000000800129        0x2
 .bss.__stdin   0x0000000000800129        0x2 /Applications/microchip/xc8/v3.10/avr/bin/../lib/gcc/avr/5.4.0/../../../../avr/lib/avr5/libc.a(stdin.o)

.bss.buf        0x000000000080012b        0x2
 .bss.buf       0x000000000080012b        0x2 /Applications/microchip/xc8/v3.10/avr/bin/../lib/gcc/avr/5.4.0/../../../../avr/lib/avr5/libc.a(stdin.o)

.bss.__stdout   0x000000000080012f        0x2
 .bss.__stdout  0x000000000080012f        0x2 /Applications/microchip/xc8/v3.10/avr/bin/../lib/gcc/avr/5.4.0/../../../../avr/lib/avr5/libc.a(stdout.o)

.text.check_fall
                0x0000000000000126       0xd8
 .text.check_fall
                0x0000000000000126       0xd8 build/default/production/imu.o
                0x0000000000000126                check_fall

.text           0x00000000000001fe       0xd4
 .text          0x00000000000001fe       0xd4 /Applications/microchip/xc8/v3.10/avr/bin/../lib/gcc/avr/5.4.0/../../../../avr/lib/avr5/libm.a(mulsf3x.o)
                0x00000000000001fe                __mulsf3x
                0x0000000000000224                __mulsf3_pse

.text.imuReadAccel
                0x00000000000002d2       0xac
 .text.imuReadAccel
                0x00000000000002d2       0xac build/default/production/imu.o
                0x00000000000002d2                imuReadAccel

.text.main      0x000000000000037e       0xa6
 .text.main     0x000000000000037e       0xa6 build/default/production/imu.o
                0x000000000000037e                main

.text           0x0000000000000424       0x7a
 .text          0x0000000000000424       0x7a /Applications/microchip/xc8/v3.10/avr/bin/../lib/gcc/avr/5.4.0/../../../../avr/lib/avr5/libm.a(floatsisf.o)
                0x0000000000000424                __floatunsisf
                0x0000000000000428                __floatsisf

.text.fputs     0x000000000000049e       0x64
 .text.fputs    0x000000000000049e       0x64 /Applications/microchip/xc8/v3.10/avr/bin/../lib/gcc/avr/5.4.0/../../../../avr/lib/avr5/libc.a(fputs.o)
                0x000000000000049e                fputs_unlocked
                0x000000000000049e                fputs

.text           0x0000000000000502       0x48
 .text          0x0000000000000502       0x48 /Applications/microchip/xc8/v3.10/avr/bin/../lib/gcc/avr/5.4.0/../../../../avr/lib/avr5/libm.a(fp_cmp.o)
                0x0000000000000502                __fp_cmp

.text           0x000000000000054a       0x44
 .text          0x000000000000054a       0x44 /Applications/microchip/xc8/v3.10/avr/bin/../lib/gcc/avr/5.4.0/../../../../avr/lib/avr5/libm.a(fp_split3.o)
                0x000000000000054a                __fp_split3
                0x000000000000055a                __fp_splitA

.text.uart_init
                0x000000000000058e       0x30
 .text.uart_init
                0x000000000000058e       0x30 build/default/production/uart.o
                0x000000000000058e                uart_init

.text.imuWrite  0x00000000000005be       0x2a
 .text.imuWrite
                0x00000000000005be       0x2a build/default/production/imu.o
                0x00000000000005be                imuWrite

.text           0x00000000000005e8       0x22
 .text          0x00000000000005e8       0x22 /Applications/microchip/xc8/v3.10/avr/bin/../lib/gcc/avr/5.4.0/../../../../avr/lib/avr5/libm.a(fp_round.o)
                0x00000000000005e8                __fp_round

.text.__init_stdin
                0x000000000000060a       0x1e
 .text.__init_stdin
                0x000000000000060a       0x1e /Applications/microchip/xc8/v3.10/avr/bin/../lib/gcc/avr/5.4.0/../../../../avr/lib/avr5/libc.a(stdin.o)
                0x000000000000060a                __init_stdin

.text.__init_stdout
                0x0000000000000628       0x1e
 .text.__init_stdout
                0x0000000000000628       0x1e /Applications/microchip/xc8/v3.10/avr/bin/../lib/gcc/avr/5.4.0/../../../../avr/lib/avr5/libc.a(stdout.o)
                0x0000000000000628                __init_stdout

.text.TWI1_init
                0x0000000000000646       0x18
 .text.TWI1_init
                0x0000000000000646       0x18 build/default/production/imu.o
                0x0000000000000646                TWI1_init

.text.TWI1_read_ack
                0x000000000000065e       0x18
 .text.TWI1_read_ack
                0x000000000000065e       0x18 build/default/production/imu.o
                0x000000000000065e                TWI1_read_ack

.text.TWI1_read_nack
                0x0000000000000676       0x18
 .text.TWI1_read_nack
                0x0000000000000676       0x18 build/default/production/imu.o
                0x0000000000000676                TWI1_read_nack

.text.TWI1_write
                0x000000000000068e       0x16
 .text.TWI1_write
                0x000000000000068e       0x16 build/default/production/imu.o
                0x000000000000068e                TWI1_write

.text.exit      0x00000000000006a4       0x16
 .text.exit     0x00000000000006a4       0x16 /Applications/microchip/xc8/v3.10/avr/bin/../lib/gcc/avr/5.4.0/../../../../avr/lib/avr5/libc.a(exit.o)
                0x00000000000006a4                exit

.text.uart_send
                0x00000000000006ba       0x14
 .text.uart_send
                0x00000000000006ba       0x14 build/default/production/uart.o
                0x00000000000006ba                uart_send

.text.TWI1_start
                0x00000000000006ce       0x12
 .text.TWI1_start
                0x00000000000006ce       0x12 build/default/production/imu.o
                0x00000000000006ce                TWI1_start

.text.uart_receive
                0x00000000000006e0       0x12
 .text.uart_receive
                0x00000000000006e0       0x12 build/default/production/uart.o
                0x00000000000006e0                uart_receive

.text.puts      0x00000000000006f2       0x12
 .text.puts     0x00000000000006f2       0x12 /Applications/microchip/xc8/v3.10/avr/bin/../lib/gcc/avr/5.4.0/../../../../avr/lib/avr5/libc.a(puts.o)
                0x00000000000006f2                puts

.text.imuInit   0x0000000000000704        0xe
 .text.imuInit  0x0000000000000704        0xe build/default/production/imu.o
                0x0000000000000704                imuInit

.text           0x0000000000000712        0xe
 .text          0x0000000000000712        0xe /Applications/microchip/xc8/v3.10/avr/bin/../lib/gcc/avr/5.4.0/../../../../avr/lib/avr5/libm.a(fp_pscA.o)
                0x0000000000000712                __fp_pscA

.text           0x0000000000000720        0xe
 .text          0x0000000000000720        0xe /Applications/microchip/xc8/v3.10/avr/bin/../lib/gcc/avr/5.4.0/../../../../avr/lib/avr5/libm.a(fp_pscB.o)
                0x0000000000000720                __fp_pscB

.text           0x000000000000072e        0xe
 .text          0x000000000000072e        0xe /Applications/microchip/xc8/v3.10/avr/bin/../lib/gcc/avr/5.4.0/../../../../avr/lib/avr5/libm.a(fp_zero.o)
                0x000000000000072e                __fp_zero
                0x0000000000000730                __fp_szero

.text           0x000000000000073c        0xc
 .text          0x000000000000073c        0xc /Applications/microchip/xc8/v3.10/avr/bin/../lib/gcc/avr/5.4.0/../../../../avr/lib/avr5/libm.a(fp_inf.o)
                0x000000000000073c                __fp_inf

.text           0x0000000000000748        0xa
 .text          0x0000000000000748        0xa /Applications/microchip/xc8/v3.10/avr/bin/../lib/gcc/avr/5.4.0/../../../../avr/lib/avr5/libm.a(cmpsf2.o)
                0x0000000000000748                __lesf2
                0x0000000000000748                __nesf2
                0x0000000000000748                __eqsf2
                0x0000000000000748                __cmpsf2
                0x0000000000000748                __ltsf2

.text           0x0000000000000752        0xa
 .text          0x0000000000000752        0xa /Applications/microchip/xc8/v3.10/avr/bin/../lib/gcc/avr/5.4.0/../../../../avr/lib/avr5/libm.a(gesf2.o)
                0x0000000000000752                __gtsf2
                0x0000000000000752                __gesf2

.text           0x000000000000075c        0x8
 .text          0x000000000000075c        0x8 /Applications/microchip/xc8/v3.10/avr/bin/../lib/gcc/avr/5.4.0/../../../../avr/lib/avr5/libm.a(mulsf3.o)
                0x000000000000075c                __mulsf3

.text           0x0000000000000764        0x6
 .text          0x0000000000000764        0x6 /Applications/microchip/xc8/v3.10/avr/bin/../lib/gcc/avr/5.4.0/../../../../avr/lib/avr5/libm.a(fp_nan.o)
                0x0000000000000764                __fp_nan

.text           0x000000000000076a        0x4
 .text          0x000000000000076a        0x4 /Applications/microchip/mplabx/v6.20/packs/Microchip/ATmega_DFP/3.1.264/xc8/avr/lib/avr5/crtatmega328pb.o
                0x000000000000076a                __vector_42
                0x000000000000076a                __vector_22
                0x000000000000076a                __vector_28
                0x000000000000076a                __vector_1
                0x000000000000076a                __vector_32
                0x000000000000076a                __vector_34
                0x000000000000076a                __vector_24
                0x000000000000076a                __vector_12
                0x000000000000076a                __bad_interrupt
                0x000000000000076a                __vector_6
                0x000000000000076a                __vector_31
                0x000000000000076a                __vector_35
                0x000000000000076a                __vector_39
                0x000000000000076a                __vector_3
                0x000000000000076a                __vector_23
                0x000000000000076a                __vector_30
                0x000000000000076a                __vector_25
                0x000000000000076a                __vector_11
                0x000000000000076a                __vector_13
                0x000000000000076a                __vector_17
                0x000000000000076a                __vector_19
                0x000000000000076a                __vector_7
                0x000000000000076a                __vector_41
                0x000000000000076a                __vector_43
                0x000000000000076a                __vector_27
                0x000000000000076a                __vector_5
                0x000000000000076a                __vector_33
                0x000000000000076a                __vector_37
                0x000000000000076a                __vector_4
                0x000000000000076a                __vector_44
                0x000000000000076a                __vector_9
                0x000000000000076a                __vector_2
                0x000000000000076a                __vector_21
                0x000000000000076a                __vector_15
                0x000000000000076a                __vector_36
                0x000000000000076a                __vector_29
                0x000000000000076a                __vector_40
                0x000000000000076a                __vector_8
                0x000000000000076a                __vector_26
                0x000000000000076a                __vector_14
                0x000000000000076a                __vector_10
                0x000000000000076a                __vector_16
                0x000000000000076a                __vector_18
                0x000000000000076a                __vector_20
                0x000000000000076a                __vector_38

.text._Exit     0x000000000000076e        0x4
 .text._Exit    0x000000000000076e        0x4 /Applications/microchip/xc8/v3.10/avr/bin/../lib/gcc/avr/5.4.0/../../../../avr/lib/avr5/libc.a(_Exit.o)
                0x000000000000076e                _Exit

.text.__dummy_fini
                0x0000000000000772        0x2
 .text.__dummy_fini
                0x0000000000000772        0x2 /Applications/microchip/xc8/v3.10/avr/bin/../lib/gcc/avr/5.4.0/../../../../avr/lib/avr5/libc.a(exit.o)
                0x0000000000000772                _fini

.text.__dummy_funcs_on_exit
                0x0000000000000774        0x2
 .text.__dummy_funcs_on_exit
                0x0000000000000774        0x2 /Applications/microchip/xc8/v3.10/avr/bin/../lib/gcc/avr/5.4.0/../../../../avr/lib/avr5/libc.a(exit.o)
                0x0000000000000774                __funcs_on_exit

.text.__dummy_simulator_exit
                0x0000000000000776        0x2
 .text.__dummy_simulator_exit
                0x0000000000000776        0x2 /Applications/microchip/xc8/v3.10/avr/bin/../lib/gcc/avr/5.4.0/../../../../avr/lib/avr5/libc.a(exit.o)
                0x0000000000000776                __simulator_exit

.data.f         0x0000000000800104       0x10 load address 0x0000000000000778
 .data.f        0x0000000000800104       0x10 /Applications/microchip/xc8/v3.10/avr/bin/../lib/gcc/avr/5.4.0/../../../../avr/lib/avr5/libc.a(stdin.o)

.data.f         0x0000000000800114       0x10 load address 0x0000000000000788
 .data.f        0x0000000000800114       0x10 /Applications/microchip/xc8/v3.10/avr/bin/../lib/gcc/avr/5.4.0/../../../../avr/lib/avr5/libc.a(stdout.o)

.rodata         0x0000000000800124        0x5 load address 0x0000000000000798
 .rodata        0x0000000000800124        0x5 build/default/production/imu.o

.data._stdout   0x000000000080012d        0x2 load address 0x000000000000079d
 .data._stdout  0x000000000080012d        0x2 /Applications/microchip/xc8/v3.10/avr/bin/../lib/gcc/avr/5.4.0/../../../../avr/lib/avr5/libc.a(stdout.o)
                0x000000000080012d                _stdout
